// Jest Snapshot v1, https://goo.gl/fbAQLP

exports[`Testing Hello Component Should be render correctly 1`] = `
<div>
  <div>
    Hello world!
  </div>
</div>
`;
